// Jest Snapshot v1, https://goo.gl/fbAQLP

exports[`renders without crashing 1`] = `
<div
  className="container"
  data-test="container"
  title="garen"
>
  Hello World
  <div
    className="header"
  >
    Header
  </div>
</div>
`;
